
> client@0.0.0 build
> vite build

[36mvite v5.4.21 [32mbuilding for production...[36m[39m
transforming...
[32m✓[39m 43 modules transformed.
x Build failed in 568ms
error during build:
Could not resolve "../utils/cartUtils.js" from "src/redux/slices/cartSlice.js"
file: D:/Pooja Telecom/client/src/redux/slices/cartSlice.js
    at getRollupError (file:///D:/Pooja%20Telecom/client/node_modules/rollup/dist/es/shared/parseAst.js:406:41)
    at error (file:///D:/Pooja%20Telecom/client/node_modules/rollup/dist/es/shared/parseAst.js:402:42)
    at ModuleLoader.handleInvalidResolvedId (file:///D:/Pooja%20Telecom/client/node_modules/rollup/dist/es/shared/node-entry.js:21765:24)
    at file:///D:/Pooja%20Telecom/client/node_modules/rollup/dist/es/shared/node-entry.js:21725:26
